0
79702.0000
80995.0000
75704.0000
76583.0000
73344.0000
78324.0000
78324.0000
78324.0000
78912.0000
78889.0000
76608.0000
78092.0000
67010.0000
54229.0000
55091.0000
75554.0000
75554.0000
75554.0000
73793.0000
75124.0000
73537.0000
75634.0000
75634.0000
75634.0000
75634.0000
73581.0000
71441.0000
71861.0000
69844.0000
59531.0000
74356.0000
74356.0000
74356.0000
74356.0000
74356.0000
74356.0000
74356.0000
74356.0000
74356.0000
76051.0000
76051.0000
76051.0000
76051.0000
76051.0000
76645.0000
76645.0000
76645.0000
76664.0000
77564.0000
77660.0000
77917.0000
79223.0000
79223.0000
79223.0000
79223.0000
79223.0000
65697.0000
65260.0000
79309.0000
79309.0000
79309.0000
79309.0000
79309.0000
79309.0000
79309.0000
79309.0000
79309.0000
79309.0000
79309.0000
79309.0000
79309.0000
79309.0000
79309.0000
79309.0000
79309.0000
79309.0000
79309.0000
79309.0000
79309.0000
79309.0000
79309.0000
79309.0000
79309.0000
79309.0000
79309.0000
79309.0000
79508.0000
79874.0000
79874.0000
80246.0000
80450.0000
80499.0000
80543.0000
80639.0000
80887.0000
81069.0000
81069.0000
81399.0000
81417.0000
68247.0000
81686.0000
81686.0000
81686.0000
81686.0000
81686.0000
81686.0000
81686.0000
81686.0000
81686.0000
81686.0000
81686.0000
81686.0000
81686.0000
81686.0000
81686.0000
81686.0000
81686.0000
81686.0000
81686.0000
81686.0000
81686.0000
81686.0000
81686.0000
81686.0000
81686.0000
81686.0000
81686.0000
81686.0000
81686.0000
81686.0000
81686.0000
81686.0000
81686.0000
81686.0000
81686.0000
81686.0000
81686.0000
81686.0000
81686.0000
81686.0000
81739.0000
81831.0000
81870.0000
81883.0000
81913.0000
75944.0000
81148.0000
81148.0000
81148.0000
81148.0000
81148.0000
81148.0000
81148.0000
81148.0000
81148.0000
81148.0000
81148.0000
81148.0000
81148.0000
81148.0000
81148.0000
81148.0000
81148.0000
81148.0000
81148.0000
81148.0000
81148.0000
81148.0000
81148.0000
81148.0000
81148.0000
81148.0000
81921.0000
81921.0000
81921.0000
81921.0000
81921.0000
81921.0000
81921.0000
81921.0000
81921.0000
81969.0000
81991.0000
81999.0000
82049.0000
82121.0000
82175.0000
82181.0000
82210.0000
82368.0000
82401.0000
82455.0000
82505.0000
82537.0000
82603.0000
82672.0000
82742.0000
82752.0000
82802.0000
82947.0000
83019.0000
83031.0000
83079.0000
83176.0000
81093.0000
83229.0000
83229.0000
83229.0000
83229.0000
83229.0000
83229.0000
83229.0000
83229.0000
83229.0000
83229.0000
83229.0000
83229.0000
83229.0000
83229.0000
83229.0000
83229.0000
83229.0000
83229.0000
83229.0000
83229.0000
83229.0000
83229.0000
83229.0000
83229.0000
83229.0000
83229.0000
83229.0000
83229.0000
83229.0000
83229.0000
83229.0000
83229.0000
83229.0000
83229.0000
83307.0000
83313.0000
83341.0000
80761.0000
83415.0000
83415.0000
83415.0000
83415.0000
83415.0000
83415.0000
83415.0000
83415.0000
83415.0000
83415.0000
83415.0000
83415.0000
83415.0000
83415.0000
83415.0000
83415.0000
83415.0000
83415.0000
83415.0000
83415.0000
83415.0000
83415.0000
83415.0000
83415.0000
83415.0000
83415.0000
83415.0000
83415.0000
83415.0000
83415.0000
83415.0000
83415.0000
83415.0000
83415.0000
83415.0000
83415.0000
83415.0000
83415.0000
83415.0000
83415.0000
83415.0000
83415.0000
83466.0000
83482.0000
83576.0000
83582.0000
83604.0000
83600.0000
83646.0000
83646.0000
83748.0000
83764.0000
77004.0000
83828.0000
83828.0000
83828.0000
83828.0000
83828.0000
83828.0000
83828.0000
83828.0000
83828.0000
83828.0000
83828.0000
83828.0000
83828.0000
83828.0000
83828.0000
83828.0000
83828.0000
83828.0000
83828.0000
83828.0000
83828.0000
83828.0000
83828.0000
83828.0000
83828.0000
83828.0000
83828.0000
83828.0000
83828.0000
83828.0000
83828.0000
83828.0000
83828.0000
83828.0000
83828.0000
83828.0000
83828.0000
83828.0000
83828.0000
83828.0000
83828.0000
83828.0000
83828.0000
83828.0000
83828.0000
83828.0000
83828.0000
83828.0000
83828.0000
83828.0000
83828.0000
83828.0000
83828.0000
83828.0000
83828.0000
83828.0000
83828.0000
83828.0000
83828.0000
83828.0000
83828.0000
83828.0000
83828.0000
83828.0000
83828.0000
83828.0000
83828.0000
83828.0000
83828.0000
83828.0000
83875.0000
83217.0000
83899.0000
83899.0000
83899.0000
83899.0000
83899.0000
83899.0000
83899.0000
83899.0000
83899.0000
83899.0000
83899.0000
83899.0000
83899.0000
83899.0000
83899.0000
83899.0000
83899.0000
83911.0000
82615.0000
1
72619.0000
75153.0000
66681.0000
59904.0000
60053.0000
61274.0000
58464.0000
56785.0000
61150.0000
61150.0000
61150.0000
61150.0000
62602.0000
62602.0000
62680.0000
63595.0000
52570.0000
51187.0000
55586.0000
55586.0000
55595.0000
58246.0000
58246.0000
58741.0000
58741.0000
56396.0000
54987.0000
59323.0000
59323.0000
59323.0000
59323.0000
59323.0000
59323.0000
59323.0000
59323.0000
59679.0000
59720.0000
59720.0000
60029.0000
60029.0000
60673.0000
60673.0000
57646.0000
56239.0000
61283.0000
61283.0000
61283.0000
61283.0000
61283.0000
61283.0000
61283.0000
61283.0000
61283.0000
61283.0000
61283.0000
61283.0000
61283.0000
61283.0000
61283.0000
61283.0000
61283.0000
61296.0000
61494.0000
61798.0000
61982.0000
62769.0000
62769.0000
62769.0000
62997.0000
63126.0000
63227.0000
61167.0000
61333.0000
61333.0000
61333.0000
61333.0000
63289.0000
63289.0000
63289.0000
63289.0000
63289.0000
63289.0000
63289.0000
63289.0000
63289.0000
63289.0000
63302.0000
63331.0000
61076.0000
63393.0000
63393.0000
63393.0000
63393.0000
63393.0000
63393.0000
63393.0000
63393.0000
63393.0000
63393.0000
63393.0000
63393.0000
63393.0000
63393.0000
63393.0000
63393.0000
63393.0000
63393.0000
63393.0000
63645.0000
63645.0000
64312.0000
60695.0000
60695.0000
63234.0000
63234.0000
63234.0000
63234.0000
63234.0000
63234.0000
63234.0000
63234.0000
63234.0000
63234.0000
63234.0000
63234.0000
63234.0000
63234.0000
63234.0000
63234.0000
63234.0000
64360.0000
64360.0000
64360.0000
64360.0000
64360.0000
64360.0000
64360.0000
64360.0000
64382.0000
64551.0000
64619.0000
64657.0000
64664.0000
64749.0000
63621.0000
64720.0000
64720.0000
64720.0000
64720.0000
64720.0000
64720.0000
64720.0000
64720.0000
64720.0000
62878.0000
64822.0000
64822.0000
64822.0000
64822.0000
64822.0000
64822.0000
64822.0000
64822.0000
64822.0000
64822.0000
64822.0000
64822.0000
64822.0000
64822.0000
64822.0000
64822.0000
64822.0000
64822.0000
64822.0000
64822.0000
64822.0000
64851.0000
64908.0000
60743.0000
62444.0000
62444.0000
62444.0000
62444.0000
62444.0000
62444.0000
62444.0000
62444.0000
62444.0000
62444.0000
62444.0000
64888.0000
64888.0000
64888.0000
64888.0000
64888.0000
64888.0000
64888.0000
64888.0000
64888.0000
64888.0000
64888.0000
64888.0000
64888.0000
64888.0000
64888.0000
64888.0000
64888.0000
64888.0000
64888.0000
64888.0000
64888.0000
64888.0000
64888.0000
64888.0000
64888.0000
64888.0000
64888.0000
65096.0000
65096.0000
65267.0000
64979.0000
65338.0000
65338.0000
65338.0000
65338.0000
65354.0000
65368.0000
65419.0000
64970.0000
65460.0000
65460.0000
65460.0000
65460.0000
65460.0000
65460.0000
65460.0000
65460.0000
65460.0000
65508.0000
65545.0000
65479.0000
54813.0000
65572.0000
65572.0000
65572.0000
65572.0000
65572.0000
65572.0000
65572.0000
65572.0000
65572.0000
65572.0000
65572.0000
65572.0000
65572.0000
65572.0000
65572.0000
65572.0000
65572.0000
65572.0000
65572.0000
65572.0000
65572.0000
65572.0000
65572.0000
65572.0000
65572.0000
65572.0000
65572.0000
65572.0000
65572.0000
65572.0000
65572.0000
65572.0000
65572.0000
65572.0000
65572.0000
65572.0000
65572.0000
65572.0000
65572.0000
65572.0000
65572.0000
65572.0000
65572.0000
65572.0000
65572.0000
65572.0000
65572.0000
65572.0000
65572.0000
65572.0000
65572.0000
65572.0000
65572.0000
65572.0000
65572.0000
65572.0000
65572.0000
65572.0000
65572.0000
65572.0000
65572.0000
65572.0000
65572.0000
65572.0000
65572.0000
65572.0000
65572.0000
65572.0000
65572.0000
65572.0000
65572.0000
65572.0000
65572.0000
65572.0000
65577.0000
65724.0000
65749.0000
64664.0000
65838.0000
65838.0000
65838.0000
65838.0000
65838.0000
65838.0000
65838.0000
65838.0000
65838.0000
65838.0000
65838.0000
65838.0000
65838.0000
65838.0000
65838.0000
65838.0000
65838.0000
65838.0000
65838.0000
65838.0000
65838.0000
65838.0000
65838.0000
65838.0000
65914.0000
65973.0000
65998.0000
66057.0000
66089.0000
66097.0000
66155.0000
66259.0000
66429.0000
66475.0000
66574.0000
66780.0000
66780.0000
66835.0000
66850.0000
66853.0000
66860.0000
66865.0000
65294.0000
2
53961.0000
39826.0000
38236.0000
33608.0000
31091.0000
34104.0000
34104.0000
36348.0000
35704.0000
36458.0000
36458.0000
36631.0000
37621.0000
36048.0000
36225.0000
38696.0000
38696.0000
38696.0000
38696.0000
38696.0000
38696.0000
30792.0000
34698.0000
34698.0000
34698.0000
34698.0000
36325.0000
36325.0000
36325.0000
36325.0000
39266.0000
39266.0000
39266.0000
39266.0000
39266.0000
39266.0000
39266.0000
39154.0000
39297.0000
39297.0000
39308.0000
39400.0000
39616.0000
39874.0000
39874.0000
39953.0000
39984.0000
40014.0000
40215.0000
40331.0000
40694.0000
38137.0000
40907.0000
40907.0000
40907.0000
40907.0000
40907.0000
40907.0000
40907.0000
40907.0000
40907.0000
40907.0000
40907.0000
40907.0000
40907.0000
40907.0000
40907.0000
40907.0000
40907.0000
41020.0000
41196.0000
41204.0000
41511.0000
41678.0000
41524.0000
41845.0000
41845.0000
41931.0000
41957.0000
42089.0000
42388.0000
42544.0000
42628.0000
42706.0000
42724.0000
42740.0000
42810.0000
43030.0000
43113.0000
43243.0000
43255.0000
43287.0000
43289.0000
43291.0000
43311.0000
43368.0000
43413.0000
43555.0000
43576.0000
43670.0000
43212.0000
43808.0000
43808.0000
43808.0000
43808.0000
43808.0000
43808.0000
43808.0000
43808.0000
43808.0000
43808.0000
43808.0000
43808.0000
43883.0000
43940.0000
44023.0000
44028.0000
44205.0000
44243.0000
44289.0000
44351.0000
44353.0000
44429.0000
44550.0000
44613.0000
44679.0000
44713.0000
44758.0000
44778.0000
44826.0000
44829.0000
44922.0000
44983.0000
45049.0000
45134.0000
45168.0000
45305.0000
45413.0000
45445.0000
45500.0000
45537.0000
45593.0000
45732.0000
45752.0000
45762.0000
45828.0000
45842.0000
45862.0000
45878.0000
45878.0000
3
75382.0000
62186.0000
43254.0000
37275.0000
39153.0000
30510.0000
30863.0000
34909.0000
32777.0000
36107.0000
36107.0000
35734.0000
36113.0000
36113.0000
36229.0000
36624.0000
36892.0000
34876.0000
38019.0000
38019.0000
38019.0000
38019.0000
38019.0000
38019.0000
38019.0000
38019.0000
38019.0000
38260.0000
38524.0000
39157.0000
39157.0000
39212.0000
39632.0000
39632.0000
38013.0000
39639.0000
39639.0000
39639.0000
39639.0000
39639.0000
39639.0000
39639.0000
39639.0000
39639.0000
39692.0000
39790.0000
39814.0000
39892.0000
39999.0000
40086.0000
40115.0000
36743.0000
40186.0000
40186.0000
40186.0000
40186.0000
40186.0000
40186.0000
40186.0000
40186.0000
40186.0000
40186.0000
40186.0000
40186.0000
40186.0000
40186.0000
40186.0000
40186.0000
40186.0000
40186.0000
40186.0000
40186.0000
40234.0000
40280.0000
40438.0000
40512.0000
40672.0000
40719.0000
41273.0000
41374.0000
41468.0000
41476.0000
41590.0000
41638.0000
41880.0000
41933.0000
41953.0000
42009.0000
42167.0000
42168.0000
42181.0000
42267.0000
42288.0000
42320.0000
42605.0000
42655.0000
42676.0000
42699.0000
42747.0000
42754.0000
42781.0000
42811.0000
42882.0000
42925.0000
42938.0000
43008.0000
43074.0000
43105.0000
43126.0000
43139.0000
43228.0000
43292.0000
43292.0000
43313.0000
43353.0000
43360.0000
43386.0000
43397.0000
43463.0000
43549.0000
43619.0000
43633.0000
43715.0000
43944.0000
44000.0000
44029.0000
44088.0000
44114.0000
44135.0000
44135.0000
44245.0000
44293.0000
44368.0000
44394.0000
44482.0000
44484.0000
44492.0000
44707.0000
44708.0000
44790.0000
44852.0000
4
75874.0000
65940.0000
64286.0000
65771.0000
65687.0000
61937.0000
56914.0000
47367.0000
48151.0000
59193.0000
59193.0000
59956.0000
54643.0000
55814.0000
58390.0000
58390.0000
59638.0000
59638.0000
60042.0000
60042.0000
60485.0000
58065.0000
48199.0000
60354.0000
60354.0000
60354.0000
60354.0000
60354.0000
60354.0000
60354.0000
60354.0000
60354.0000
60354.0000
45914.0000
57046.0000
57046.0000
57046.0000
57046.0000
57046.0000
57046.0000
57046.0000
53980.0000
57968.0000
57968.0000
57968.0000
57968.0000
57968.0000
61167.0000
61167.0000
61167.0000
61167.0000
61167.0000
61167.0000
61167.0000
61167.0000
61167.0000
58908.0000
61604.0000
61604.0000
61604.0000
61604.0000
61604.0000
61604.0000
61604.0000
61604.0000
57527.0000
61768.0000
61768.0000
61768.0000
61768.0000
61768.0000
61768.0000
61768.0000
61768.0000
61768.0000
61768.0000
61768.0000
61768.0000
61768.0000
61829.0000
62409.0000
62409.0000
62451.0000
60779.0000
62620.0000
62620.0000
62620.0000
62620.0000
62620.0000
62620.0000
62620.0000
62620.0000
58065.0000
52559.0000
62755.0000
62755.0000
62755.0000
62755.0000
62755.0000
62755.0000
62755.0000
62755.0000
62755.0000
62755.0000
62755.0000
62755.0000
62755.0000
62755.0000
62755.0000
62755.0000
62755.0000
62755.0000
62755.0000
62755.0000
62755.0000
62755.0000
62755.0000
62755.0000
62755.0000
62755.0000
62755.0000
62898.0000
63010.0000
62846.0000
63023.0000
63023.0000
63023.0000
63101.0000
63192.0000
63255.0000
63428.0000
63465.0000
63560.0000
63776.0000
63780.0000
63955.0000
64068.0000
64201.0000
64201.0000
64281.0000
64330.0000
64330.0000
64352.0000
64707.0000
64754.0000
64889.0000
64927.0000
65039.0000
65049.0000
62166.0000
65049.0000
65049.0000
65049.0000
65049.0000
65049.0000
65049.0000
65049.0000
65049.0000
65049.0000
65049.0000
65049.0000
65049.0000
65049.0000
65049.0000
65049.0000
65049.0000
65049.0000
65049.0000
65049.0000
65049.0000
65049.0000
65049.0000
65049.0000
65049.0000
65049.0000
65049.0000
65049.0000
65049.0000
65049.0000
65049.0000
65049.0000
65122.0000
65209.0000
65290.0000
65302.0000
65320.0000
65422.0000
65432.0000
65053.0000
65489.0000
65489.0000
65489.0000
65489.0000
65489.0000
65489.0000
65489.0000
65489.0000
62006.0000
65649.0000
65649.0000
65649.0000
65649.0000
65649.0000
65649.0000
65649.0000
65649.0000
65649.0000
65649.0000
65649.0000
65649.0000
65649.0000
65649.0000
65649.0000
65649.0000
65649.0000
65649.0000
65649.0000
65649.0000
65649.0000
65649.0000
65649.0000
65649.0000
65649.0000
65649.0000
65649.0000
65649.0000
65649.0000
65649.0000
65649.0000
65649.0000
65649.0000
65649.0000
65649.0000
65649.0000
65649.0000
65649.0000
65649.0000
65649.0000
65649.0000
65649.0000
65751.0000
65751.0000
66003.0000
66003.0000
66003.0000
66128.0000
66242.0000
66263.0000
66326.0000
66440.0000
66461.0000
66487.0000
66500.0000
66543.0000
66598.0000
66410.0000
66606.0000
66606.0000
66606.0000
66606.0000
66606.0000
66606.0000
66606.0000
63248.0000
61320.0000
66692.0000
66692.0000
66692.0000
66692.0000
66692.0000
66692.0000
66692.0000
66692.0000
66692.0000
66692.0000
66692.0000
66692.0000
66692.0000
66692.0000
66692.0000
66692.0000
66692.0000
66692.0000
66692.0000
66692.0000
66692.0000
66692.0000
66692.0000
66692.0000
66692.0000
66692.0000
66692.0000
66692.0000
66692.0000
66692.0000
66692.0000
66692.0000
66692.0000
66692.0000
66692.0000
66692.0000
66692.0000
66692.0000
66692.0000
66692.0000
66692.0000
66692.0000
66692.0000
66692.0000
66692.0000
66692.0000
66692.0000
66692.0000
66692.0000
66692.0000
66692.0000
66692.0000
66692.0000
66692.0000
66692.0000
66692.0000
66692.0000
66692.0000
66692.0000
66692.0000
66692.0000
66692.0000
66692.0000
66692.0000
66692.0000
66692.0000
66712.0000
66721.0000
66788.0000
66889.0000
67178.0000
67223.0000
67289.0000
67449.0000
62843.0000
5
76146.0000
71743.0000
64458.0000
65771.0000
72031.0000
72031.0000
65771.0000
66593.0000
70631.0000
73168.0000
73168.0000
73168.0000
73421.0000
73467.0000
73662.0000
74434.0000
74804.0000
76305.0000
76305.0000
77282.0000
77401.0000
77670.0000
77723.0000
78093.0000
78163.0000
78708.0000
78218.0000
79182.0000
79182.0000
76301.0000
79137.0000
79137.0000
79137.0000
79137.0000
79137.0000
79137.0000
79137.0000
79137.0000
79137.0000
79137.0000
75736.0000
70788.0000
75178.0000
75178.0000
75178.0000
75178.0000
75178.0000
75178.0000
75178.0000
75178.0000
75178.0000
76607.0000
76607.0000
76607.0000
76607.0000
76607.0000
80153.0000
80153.0000
80153.0000
80153.0000
80153.0000
80153.0000
80153.0000
80153.0000
80153.0000
80153.0000
80153.0000
79186.0000
80882.0000
80882.0000
80883.0000
81203.0000
79080.0000
81664.0000
81664.0000
81664.0000
81664.0000
81664.0000
81664.0000
81664.0000
81664.0000
77632.0000
81845.0000
81845.0000
81845.0000
81845.0000
81845.0000
81845.0000
81845.0000
81845.0000
81845.0000
81845.0000
81845.0000
81845.0000
81845.0000
81845.0000
81845.0000
81845.0000
81937.0000
82411.0000
82411.0000
82417.0000
78817.0000
82361.0000
82361.0000
82361.0000
82361.0000
82361.0000
82361.0000
82361.0000
82361.0000
82361.0000
82361.0000
82361.0000
82361.0000
79629.0000
79629.0000
81088.0000
81088.0000
81088.0000
81088.0000
82479.0000
82479.0000
82479.0000
82479.0000
82479.0000
82479.0000
82479.0000
82479.0000
82479.0000
82658.0000
75708.0000
82691.0000
82691.0000
82691.0000
82691.0000
82691.0000
82691.0000
82691.0000
82691.0000
82691.0000
82691.0000
82691.0000
82691.0000
82691.0000
82691.0000
82691.0000
82691.0000
82691.0000
82691.0000
82691.0000
82691.0000
82691.0000
82691.0000
82691.0000
82691.0000
82691.0000
82691.0000
82691.0000
82691.0000
82691.0000
82691.0000
82691.0000
82691.0000
82691.0000
82691.0000
82691.0000
82691.0000
83113.0000
83179.0000
83200.0000
83208.0000
83293.0000
83401.0000
83480.0000
84100.0000
84101.0000
84582.0000
83613.0000
83275.0000
84639.0000
84639.0000
84639.0000
84639.0000
84639.0000
84639.0000
84639.0000
84639.0000
84912.0000
85042.0000
85136.0000
85360.0000
85389.0000
77525.0000
85412.0000
85412.0000
85412.0000
85412.0000
85412.0000
85412.0000
85412.0000
85412.0000
85412.0000
85412.0000
85412.0000
85412.0000
85412.0000
85412.0000
85412.0000
85412.0000
85412.0000
85412.0000
85412.0000
85412.0000
85412.0000
85412.0000
85412.0000
85412.0000
85412.0000
85412.0000
85412.0000
85412.0000
85412.0000
85412.0000
85412.0000
85412.0000
85412.0000
85412.0000
85412.0000
85412.0000
85412.0000
85412.0000
85412.0000
85412.0000
85412.0000
85412.0000
85412.0000
85412.0000
85412.0000
85412.0000
85412.0000
85412.0000
82693.0000
83491.0000
83491.0000
83491.0000
83491.0000
83491.0000
83491.0000
83491.0000
83491.0000
83491.0000
85421.0000
85421.0000
85421.0000
85421.0000
85421.0000
85421.0000
85421.0000
85421.0000
85421.0000
85421.0000
85421.0000
85421.0000
85453.0000
85483.0000
85630.0000
85774.0000
85782.0000
81603.0000
85877.0000
85877.0000
85877.0000
85877.0000
85877.0000
85877.0000
85877.0000
85877.0000
85877.0000
85877.0000
85877.0000
85877.0000
85877.0000
85877.0000
85877.0000
85877.0000
85877.0000
85877.0000
85877.0000
85877.0000
85877.0000
85877.0000
85877.0000
85877.0000
85877.0000
85877.0000
85877.0000
85877.0000
85877.0000
85877.0000
85877.0000
85877.0000
85877.0000
85877.0000
85877.0000
85877.0000
85877.0000
85877.0000
85991.0000
86020.0000
86242.0000
86281.0000
86330.0000
86390.0000
86501.0000
86647.0000
83043.0000
86690.0000
86690.0000
86690.0000
86690.0000
86690.0000
86690.0000
86690.0000
86690.0000
86690.0000
86690.0000
86690.0000
86690.0000
86690.0000
86690.0000
86690.0000
86690.0000
86690.0000
86690.0000
86690.0000
86690.0000
86690.0000
86690.0000
86690.0000
86690.0000
86690.0000
86690.0000
86690.0000
86690.0000
86690.0000
86690.0000
86690.0000
86690.0000
86690.0000
86690.0000
86690.0000
86690.0000
80071.0000
86873.0000
86873.0000
86873.0000
86873.0000
86873.0000
86873.0000
86873.0000
86873.0000
86873.0000
86873.0000
86873.0000
86873.0000
86873.0000
86873.0000
86873.0000
86873.0000
86873.0000
86873.0000
86873.0000
86873.0000
86873.0000
86873.0000
86873.0000
86873.0000
86873.0000
86873.0000
86873.0000
86873.0000
86873.0000
86873.0000
86873.0000
86873.0000
86873.0000
86873.0000
86873.0000
86873.0000
86873.0000
86873.0000
86873.0000
86873.0000
86873.0000
86873.0000
86873.0000
86873.0000
86873.0000
86873.0000
86873.0000
86873.0000
86873.0000
86873.0000
86873.0000
86873.0000
86873.0000
86873.0000
86873.0000
87014.0000
87066.0000
83130.0000
87077.0000
87077.0000
87077.0000
87077.0000
87077.0000
87077.0000
87077.0000
87077.0000
87077.0000
87077.0000
87077.0000
87077.0000
87077.0000
87077.0000
87077.0000
87077.0000
87077.0000
87077.0000
87077.0000
87077.0000
87077.0000
87077.0000
87077.0000
87077.0000
87077.0000
87077.0000
87077.0000
87077.0000
87077.0000
87077.0000
87077.0000
87077.0000
87077.0000
87077.0000
87077.0000
87077.0000
87077.0000
87077.0000
87077.0000
87079.0000
87314.0000
6
83322.0000
78416.0000
70037.0000
65747.0000
59712.0000
58279.0000
58141.0000
58215.0000
50323.0000
59344.0000
59344.0000
59344.0000
59344.0000
58851.0000
59485.0000
59485.0000
53369.0000
57239.0000
55786.0000
51327.0000
56993.0000
56993.0000
56993.0000
57517.0000
57517.0000
57042.0000
59430.0000
59430.0000
59430.0000
59430.0000
59430.0000
59430.0000
59430.0000
59430.0000
60223.0000
60223.0000
60223.0000
57929.0000
60756.0000
60756.0000
60756.0000
60756.0000
60756.0000
60756.0000
60756.0000
60756.0000
60756.0000
60756.0000
60760.0000
58581.0000
55874.0000
59385.0000
59385.0000
59385.0000
59385.0000
59385.0000
59385.0000
59385.0000
59385.0000
59385.0000
59385.0000
59385.0000
59385.0000
60022.0000
60022.0000
60022.0000
60022.0000
60387.0000
60387.0000
60800.0000
60800.0000
60800.0000
60816.0000
60853.0000
60998.0000
61117.0000
56926.0000
59096.0000
59096.0000
59096.0000
59096.0000
59096.0000
59096.0000
59096.0000
59096.0000
59096.0000
59096.0000
59096.0000
61264.0000
61264.0000
61264.0000
61264.0000
61264.0000
61264.0000
61264.0000
61264.0000
61264.0000
61264.0000
61264.0000
61264.0000
61264.0000
61264.0000
61264.0000
61264.0000
61317.0000
61791.0000
61830.0000
62302.0000
61870.0000
62360.0000
62360.0000
62511.0000
62745.0000
60058.0000
61424.0000
61424.0000
61424.0000
61424.0000
61424.0000
61424.0000
61424.0000
61424.0000
61424.0000
61424.0000
61424.0000
61424.0000
62851.0000
62851.0000
62851.0000
62851.0000
62851.0000
62851.0000
62851.0000
62851.0000
63027.0000
63074.0000
62420.0000
63082.0000
63082.0000
63082.0000
63082.0000
63082.0000
63082.0000
63209.0000
63282.0000
61939.0000
62447.0000
62447.0000
62447.0000
62447.0000
63288.0000
63288.0000
63288.0000
63288.0000
63288.0000
63288.0000
63288.0000
63288.0000
63288.0000
62809.0000
63389.0000
63389.0000
63389.0000
63389.0000
63389.0000
63389.0000
63389.0000
63389.0000
63390.0000
63615.0000
59867.0000
63759.0000
63759.0000
63759.0000
63759.0000
63759.0000
63759.0000
63759.0000
63759.0000
63759.0000
63759.0000
63759.0000
63759.0000
63759.0000
63759.0000
63759.0000
63759.0000
63759.0000
63759.0000
63759.0000
63759.0000
63759.0000
63759.0000
63759.0000
63759.0000
63759.0000
63759.0000
63759.0000
63759.0000
63759.0000
63759.0000
63759.0000
63759.0000
63759.0000
63759.0000
63759.0000
63759.0000
55969.0000
53296.0000
60191.0000
60191.0000
60191.0000
60191.0000
60191.0000
60191.0000
60191.0000
60191.0000
60191.0000
60191.0000
60191.0000
60191.0000
60191.0000
60191.0000
60191.0000
60191.0000
60191.0000
60191.0000
60191.0000
60191.0000
60191.0000
60191.0000
60191.0000
60191.0000
60191.0000
63647.0000
63647.0000
63647.0000
63647.0000
63647.0000
63647.0000
63647.0000
63647.0000
63647.0000
63647.0000
63647.0000
63647.0000
63647.0000
63647.0000
63647.0000
63647.0000
63647.0000
63647.0000
63647.0000
63647.0000
63647.0000
63647.0000
63647.0000
63647.0000
63647.0000
63647.0000
63647.0000
63647.0000
63647.0000
63647.0000
63647.0000
63647.0000
63647.0000
63647.0000
63796.0000
63796.0000
63829.0000
63840.0000
63896.0000
63916.0000
63994.0000
63999.0000
64030.0000
64035.0000
64173.0000
64250.0000
64383.0000
64452.0000
64465.0000
64515.0000
64686.0000
64810.0000
64832.0000
64879.0000
65004.0000
65208.0000
65389.0000
65396.0000
65436.0000
65540.0000
65590.0000
65819.0000
65819.0000
65853.0000
65886.0000
66011.0000
66177.0000
66191.0000
64505.0000
66266.0000
66266.0000
66266.0000
66266.0000
66266.0000
66266.0000
66266.0000
66266.0000
66266.0000
66266.0000
66266.0000
66266.0000
66266.0000
66266.0000
66266.0000
66266.0000
66266.0000
66266.0000
66266.0000
66266.0000
66270.0000
66327.0000
7
66748.0000
43078.0000
36205.0000
26740.0000
27557.0000
27011.0000
23986.0000
26030.0000
27041.0000
27041.0000
27041.0000
29348.0000
29348.0000
29873.0000
30068.0000
30258.0000
30665.0000
30959.0000
31587.0000
32069.0000
32608.0000
32846.0000
33161.0000
33218.0000
32884.0000
33326.0000
33326.0000
33326.0000
34120.0000
34177.0000
34261.0000
34907.0000
35246.0000
35529.0000
35608.0000
35754.0000
35939.0000
36064.0000
31681.0000
36386.0000
36386.0000
36386.0000
36386.0000
36386.0000
36386.0000
36386.0000
36386.0000
36386.0000
36386.0000
36386.0000
36386.0000
36386.0000
36386.0000
36386.0000
36386.0000
36386.0000
36386.0000
36386.0000
36436.0000
36476.0000
36510.0000
36866.0000
36971.0000
37059.0000
37140.0000
37159.0000
37171.0000
37204.0000
33211.0000
37055.0000
37055.0000
37055.0000
37055.0000
37055.0000
37055.0000
37055.0000
37055.0000
37055.0000
37055.0000
37055.0000
37055.0000
37055.0000
37055.0000
37055.0000
37055.0000
37055.0000
37055.0000
37055.0000
37055.0000
37654.0000
37654.0000
37654.0000
37654.0000
37654.0000
37654.0000
37666.0000
37844.0000
37861.0000
37898.0000
37987.0000
38004.0000
38016.0000
38147.0000
38153.0000
38256.0000
38469.0000
38574.0000
38602.0000
38644.0000
38660.0000
38844.0000
38907.0000
38946.0000
39003.0000
39030.0000
39167.0000
39202.0000
39227.0000
39264.0000
39848.0000
40005.0000
40146.0000
40167.0000
40285.0000
40391.0000
40526.0000
40526.0000
40550.0000
40560.0000
40576.0000
40231.0000
40605.0000
40605.0000
40605.0000
40605.0000
40605.0000
40605.0000
40605.0000
40605.0000
40674.0000
40749.0000
40844.0000
40957.0000
41125.0000
41129.0000
41182.0000
41193.0000
41257.0000
41307.0000
41420.0000
41494.0000
41580.0000
41683.0000
41729.0000
41842.0000
41901.0000
8
70910.0000
70333.0000
67392.0000
66323.0000
66128.0000
61003.0000
57282.0000
56142.0000
57991.0000
57991.0000
58532.0000
58843.0000
56327.0000
54644.0000
59340.0000
59340.0000
59340.0000
59340.0000
59340.0000
59340.0000
59340.0000
55778.0000
56926.0000
56926.0000
56926.0000
56474.0000
56005.0000
57234.0000
57234.0000
57234.0000
57234.0000
57234.0000
57846.0000
57846.0000
58485.0000
58485.0000
58701.0000
58701.0000
57890.0000
58942.0000
58942.0000
58942.0000
58942.0000
58942.0000
58942.0000
56367.0000
45651.0000
50541.0000
50881.0000
53160.0000
53585.0000
56594.0000
56594.0000
56594.0000
56594.0000
56594.0000
56594.0000
56594.0000
56594.0000
56638.0000
58752.0000
58752.0000
58752.0000
58752.0000
58752.0000
58752.0000
58752.0000
58752.0000
58752.0000
58752.0000
56854.0000
59212.0000
59212.0000
59212.0000
59212.0000
59212.0000
59212.0000
59212.0000
59212.0000
59212.0000
59212.0000
59212.0000
59212.0000
59212.0000
59225.0000
55532.0000
59341.0000
59341.0000
59341.0000
59341.0000
59341.0000
59341.0000
59341.0000
59341.0000
59341.0000
59341.0000
59341.0000
59341.0000
59341.0000
59341.0000
59341.0000
59341.0000
59341.0000
59341.0000
59341.0000
59341.0000
59341.0000
59341.0000
59341.0000
59341.0000
59341.0000
59592.0000
59813.0000
59918.0000
59942.0000
60027.0000
60103.0000
57757.0000
60210.0000
60210.0000
60210.0000
60210.0000
60210.0000
60210.0000
60210.0000
60210.0000
60210.0000
60210.0000
60210.0000
60210.0000
60210.0000
60210.0000
60210.0000
60210.0000
60210.0000
60210.0000
60210.0000
60210.0000
60302.0000
60369.0000
60910.0000
61160.0000
61160.0000
61278.0000
61358.0000
61478.0000
61493.0000
61739.0000
61751.0000
56834.0000
61936.0000
61936.0000
61936.0000
61936.0000
61936.0000
61936.0000
61936.0000
61936.0000
61936.0000
61936.0000
61936.0000
61936.0000
61936.0000
61936.0000
61936.0000
61936.0000
61936.0000
61936.0000
61936.0000
61936.0000
61936.0000
61936.0000
61936.0000
61936.0000
61936.0000
61936.0000
61936.0000
61936.0000
61936.0000
61936.0000
61936.0000
61936.0000
61936.0000
61936.0000
61936.0000
61936.0000
61936.0000
62004.0000
62179.0000
62226.0000
61373.0000
62247.0000
62247.0000
62247.0000
62247.0000
62247.0000
62247.0000
62247.0000
62247.0000
62247.0000
62306.0000
60633.0000
62380.0000
62380.0000
62380.0000
62380.0000
62380.0000
62380.0000
62380.0000
62380.0000
62380.0000
62380.0000
62380.0000
62380.0000
62380.0000
62380.0000
62380.0000
62380.0000
62380.0000
57919.0000
58661.0000
58661.0000
58661.0000
58661.0000
58123.0000
62552.0000
62552.0000
62552.0000
62552.0000
62552.0000
62552.0000
62552.0000
62552.0000
62552.0000
62552.0000
62552.0000
62552.0000
62552.0000
62552.0000
62552.0000
62552.0000
62552.0000
62552.0000
62552.0000
62552.0000
62552.0000
62552.0000
62552.0000
62552.0000
62552.0000
62552.0000
62552.0000
62552.0000
62552.0000
62552.0000
62552.0000
62552.0000
62552.0000
62552.0000
62552.0000
62552.0000
62552.0000
62552.0000
62552.0000
58174.0000
62579.0000
62579.0000
62579.0000
62579.0000
62579.0000
62579.0000
62579.0000
62579.0000
62579.0000
62579.0000
62579.0000
62579.0000
62579.0000
62579.0000
62579.0000
62579.0000
62579.0000
62579.0000
62579.0000
62579.0000
62579.0000
62579.0000
62579.0000
62579.0000
62579.0000
62579.0000
62579.0000
62579.0000
62579.0000
62579.0000
62579.0000
62579.0000
62579.0000
62579.0000
62579.0000
62579.0000
62579.0000
62579.0000
62579.0000
62579.0000
62642.0000
62646.0000
62672.0000
62914.0000
62751.0000
59685.0000
62927.0000
62927.0000
62927.0000
62927.0000
62927.0000
62927.0000
62927.0000
62927.0000
62927.0000
62927.0000
62927.0000
62927.0000
62927.0000
62927.0000
62927.0000
62927.0000
62927.0000
62927.0000
62927.0000
62927.0000
62927.0000
62927.0000
62927.0000
62927.0000
62927.0000
62927.0000
62927.0000
62927.0000
62927.0000
62927.0000
62927.0000
62927.0000
62927.0000
62927.0000
61575.0000
62967.0000
62967.0000
62967.0000
62967.0000
62967.0000
62967.0000
62967.0000
62967.0000
62967.0000
62967.0000
62967.0000
62967.0000
62967.0000
62967.0000
62967.0000
62967.0000
62967.0000
62967.0000
59664.0000
63022.0000
63022.0000
63022.0000
63022.0000
63022.0000
63022.0000
63022.0000
63022.0000
63022.0000
63022.0000
63022.0000
63022.0000
63022.0000
63022.0000
63022.0000
63022.0000
63022.0000
63022.0000
63022.0000
63022.0000
63022.0000
63022.0000
63022.0000
63022.0000
63022.0000
63022.0000
63022.0000
63022.0000
63022.0000
63022.0000
63022.0000
63022.0000
63022.0000
63022.0000
63022.0000
63022.0000
63022.0000
63022.0000
63116.0000
63162.0000
63205.0000
63285.0000
63420.0000
63423.0000
63500.0000
63632.0000
63632.0000
63720.0000
63973.0000
63985.0000
64127.0000
64237.0000
64345.0000
64349.0000
64360.0000
64479.0000
64532.0000
64597.0000
64605.0000
64610.0000
9
68412.0000
53237.0000
54572.0000
49161.0000
53695.0000
53695.0000
56332.0000
56332.0000
56375.0000
55108.0000
55063.0000
55063.0000
56710.0000
56710.0000
56710.0000
56710.0000
57187.0000
57290.0000
53659.0000
47760.0000
53320.0000
53320.0000
53320.0000
53960.0000
53960.0000
53960.0000
48092.0000
44167.0000
47096.0000
51399.0000
51399.0000
51399.0000
51399.0000
51672.0000
54531.0000
54531.0000
54531.0000
54531.0000
54531.0000
54531.0000
55436.0000
55436.0000
55436.0000
55436.0000
55436.0000
56949.0000
56949.0000
56949.0000
56949.0000
57372.0000
57372.0000
57372.0000
57465.0000
54556.0000
56720.0000
56720.0000
56720.0000
56720.0000
56720.0000
56720.0000
56720.0000
56720.0000
56720.0000
53766.0000
57764.0000
57764.0000
57764.0000
57764.0000
57764.0000
57764.0000
57764.0000
57764.0000
57764.0000
57764.0000
57764.0000
57764.0000
57764.0000
57764.0000
57764.0000
57764.0000
57764.0000
57764.0000
57901.0000
57923.0000
57933.0000
57955.0000
58336.0000
58406.0000
58500.0000
58542.0000
58725.0000
58998.0000
59017.0000
59029.0000
57392.0000
59029.0000
59029.0000
59029.0000
59029.0000
59029.0000
59029.0000
59029.0000
59029.0000
59029.0000
59029.0000
59029.0000
59029.0000
59029.0000
59029.0000
59029.0000
59218.0000
59389.0000
59582.0000
59524.0000
59591.0000
59591.0000
59921.0000
59966.0000
60141.0000
60301.0000
60417.0000
60449.0000
60455.0000
60455.0000
60509.0000
60540.0000
60975.0000
61170.0000
61183.0000
61197.0000
61208.0000
61356.0000
61446.0000
61505.0000
61517.0000
61538.0000
61635.0000
61827.0000
61881.0000
62070.0000
62122.0000
62201.0000
62211.0000
62259.0000
62317.0000
62418.0000
62507.0000
62511.0000
62343.0000
62546.0000
62546.0000
62546.0000
62546.0000
62710.0000
62720.0000
62880.0000
62967.0000
63227.0000
61068.0000
63266.0000
63266.0000
63266.0000
63266.0000
63266.0000
63266.0000
63266.0000
63266.0000
63266.0000
63266.0000
63266.0000
63266.0000
63266.0000
63266.0000
63266.0000
63266.0000
63266.0000
63266.0000
63266.0000
63266.0000
63266.0000
63266.0000
63266.0000
63266.0000
63266.0000
63266.0000
63266.0000
63266.0000
63266.0000
63364.0000
63499.0000
63567.0000
63571.0000
63581.0000
63594.0000
63649.0000
63777.0000
63779.0000
62907.0000
